OK /Users/chunnapansukontasup/projects/Code/weather/flood-forecast-saimai/data/snapshots/snapshot-20260927-1823.json | stations=20
OK /Users/chunnapansukontasup/projects/Code/weather/flood-forecast-saimai/dashboard.html
OK /Users/chunnapansukontasup/projects/Code/weather/flood-forecast-saimai/data/snapshots/snapshot-20260927-1923.json | stations=20
OK /Users/chunnapansukontasup/projects/Code/weather/flood-forecast-saimai/dashboard.html
OK /Users/chunnapansukontasup/projects/Code/weather/flood-forecast-saimai/data/snapshots/snapshot-20260927-2023.json
  stations=30 (headwater=8, rapipat=2) dams=3 canals=8 roads=11 wx_north=4
OK /Users/chunnapansukontasup/projects/Code/weather/flood-forecast-saimai/dashboard.html
OK /Users/chunnapansukontasup/projects/Code/weather/flood-forecast-saimai/data/snapshots/snapshot-20260927-2123.json
  stations=30 (headwater=8, rapipat=2) dams=3 canals=8 roads=11 wx_north=4
OK /Users/chunnapansukontasup/projects/Code/weather/flood-forecast-saimai/dashboard.html
OK /Users/chunnapansukontasup/projects/Code/weather/flood-forecast-saimai/data/snapshots/snapshot-20260927-2323.json
  stations=30 (headwater=8, rapipat=2) dams=3 canals=8 roads=11 wx_north=4
OK /Users/chunnapansukontasup/projects/Code/weather/flood-forecast-saimai/data/fc_days.json | stations: 10 | dates: 2026-09-28 -> 2026-10-04
  บางปะอิน (เจ้าพระยา)           [2.15, 2.14, 2.07, 2.01, 1.96, 1.91, 1.82]
  กรมชลฯ สามเสน (เจ้าพระยา)      [1.8, 1.73, 1.65, 1.56, 1.51, 1.44, 1.35]
  สะพานกรุงเทพ (เจ้าพระยา)       [1.33, 1.27, 1.19, 1.12, 1.07, 1.01, 0.93]
  สะพานนวลฉวี (ปากคลองลาดพร้าว   [2.58, 2.58, 2.58, 2.55, 2.53, 2.49, 2.44]
OK /Users/chunnapansukontasup/projects/Code/weather/flood-forecast-saimai/dashboard.html
OK /Users/chunnapansukontasup/projects/Code/weather/flood-forecast-saimai/data/snapshots/snapshot-20260928-0023.json
  stations=30 (headwater=8, rapipat=2) dams=3 canals=7 roads=2 wx_north=4
OK /Users/chunnapansukontasup/projects/Code/weather/flood-forecast-saimai/data/fc_days.json | stations: 10 | dates: 2026-09-29 -> 2026-10-05
  บางปะอิน (เจ้าพระยา)           [1.98, 1.93, 1.89, 1.84, 1.8, 1.75, 1.69]
  กรมชลฯ สามเสน (เจ้าพระยา)      [1.6, 1.51, 1.42, 1.37, 1.3, 1.22, 1.15]
  สะพานกรุงเทพ (เจ้าพระยา)       [1.27, 1.19, 1.12, 1.07, 1.01, 0.94, 0.87]
  สะพานนวลฉวี (ปากคลองลาดพร้าว   [2.35, 2.33, 2.3, 2.29, 2.27, 2.23, 2.19]
OK /Users/chunnapansukontasup/projects/Code/weather/flood-forecast-saimai/dashboard.html
OK /Users/chunnapansukontasup/projects/Code/weather/flood-forecast-saimai/data/snapshots/snapshot-20260928-1023.json
  stations=30 (headwater=8, rapipat=2) dams=3 canals=8 roads=11 wx_north=4
OK /Users/chunnapansukontasup/projects/Code/weather/flood-forecast-saimai/data/fc_days.json | stations: 10 | dates: 2026-09-29 -> 2026-10-05
  บางปะอิน (เจ้าพระยา)           [1.97, 1.92, 1.87, 1.85, 1.84, 1.78, 1.71]
  กรมชลฯ สามเสน (เจ้าพระยา)      [2.16, 2.18, 2.16, 2.14, 2.1, 2.05, 1.98]
  สะพานกรุงเทพ (เจ้าพระยา)       [1.09, 1.01, 0.93, 0.88, 0.83, 0.77, 0.69]
  สะพานนวลฉวี (ปากคลองลาดพร้าว   [2.58, 2.58, 2.58, 2.58, 2.56, 2.52, 2.47]
OK /Users/chunnapansukontasup/projects/Code/weather/flood-forecast-saimai/dashboard.html
OK /Users/chunnapansukontasup/projects/Code/weather/flood-forecast-saimai/data/snapshots/snapshot-20260928-1723.json
  stations=30 (headwater=8, rapipat=2) dams=3 canals=8 roads=11 wx_north=4
OK /Users/chunnapansukontasup/projects/Code/weather/flood-forecast-saimai/data/fc_days.json | stations: 10 | dates: 2026-09-29 -> 2026-10-05
  บางปะอิน (เจ้าพระยา)           [2.7, 2.7, 2.7, 2.7, 2.7, 2.67, 2.62]
  กรมชลฯ สามเสน (เจ้าพระยา)      [1.43, 1.42, 1.37, 1.32, 1.26, 1.18, 1.09]
  สะพานกรุงเทพ (เจ้าพระยา)       [1.37, 1.36, 1.33, 1.28, 1.23, 1.16, 1.08]
  สะพานนวลฉวี (ปากคลองลาดพร้าว   [2.23, 2.24, 2.21, 2.18, 2.14, 2.07, 2.0]
OK /Users/chunnapansukontasup/projects/Code/weather/flood-forecast-saimai/dashboard.html
OK /Users/chunnapansukontasup/projects/Code/weather/flood-forecast-saimai/data/snapshots/snapshot-20260928-1823.json
  stations=30 (headwater=8, rapipat=2) dams=3 canals=8 roads=11 wx_north=4
OK /Users/chunnapansukontasup/projects/Code/weather/flood-forecast-saimai/data/fc_days.json | stations: 10 | dates: 2026-09-29 -> 2026-10-05
  บางปะอิน (เจ้าพระยา)           [2.7, 2.7, 2.7, 2.7, 2.7, 2.67, 2.62]
  กรมชลฯ สามเสน (เจ้าพระยา)      [1.67, 1.66, 1.61, 1.56, 1.5, 1.42, 1.33]
  สะพานกรุงเทพ (เจ้าพระยา)       [1.69, 1.72, 1.7, 1.68, 1.65, 1.59, 1.53]
  สะพานนวลฉวี (ปากคลองลาดพร้าว   [2.39, 2.43, 2.44, 2.43, 2.42, 2.38, 2.33]
OK /Users/chunnapansukontasup/projects/Code/weather/flood-forecast-saimai/dashboard.html
OK /Users/chunnapansukontasup/projects/Code/weather/flood-forecast-saimai/data/snapshots/snapshot-20260928-1923.json
  stations=30 (headwater=8, rapipat=2) dams=3 canals=8 roads=11 wx_north=4
OK /Users/chunnapansukontasup/projects/Code/weather/flood-forecast-saimai/data/fc_days.json | stations: 10 | dates: 2026-09-29 -> 2026-10-28
  v_bpa=+0.250 บางปะอินเหนือตลิ่ง +0.41 ม. | tide ตรวจสอบ: 28/9=0.53 29/9=0.63 30/9=0.75 11/10=0.45 26/10=0.45
  บางปะอิน (เจ้าพระยา)           [3.05, 3.05, 3.05, 3.01, 2.96, 2.89, 2.83, 2.81, 2.78, 2.77, 2.77, 2.79, 2.78, 2.77, 2.76, 2.74, 2.71, 2.68, 2.63, 2.58, 2.54, 2.5, 2.48, 2.46, 2.45, 2.45, 2.46, 2.47, 2.48, 2.49]
  กรมชลฯ สามเสน (เจ้าพระยา)      [1.72, 1.68, 1.64, 1.61, 1.57, 1.52, 1.47, 1.43, 1.39, 1.34, 1.31, 1.28, 1.25, 1.22, 1.18, 1.14, 1.1, 1.07, 1.02, 0.98, 0.96, 0.96, 0.96, 0.96, 0.96, 0.96, 0.96, 0.96, 0.96, 0.96]
  สะพานกรุงเทพ (เจ้าพระยา)       [1.55, 1.51, 1.48, 1.45, 1.42, 1.38, 1.34, 1.3, 1.27, 1.22, 1.19, 1.16, 1.14, 1.11, 1.08, 1.04, 1.0, 0.96, 0.92, 0.88, 0.88, 0.88, 0.88, 0.88, 0.88, 0.88, 0.88, 0.88, 0.88, 0.88]
  สะพานนวลฉวี (ปากคลองลาดพร้าว   [2.36, 2.35, 2.34, 2.34, 2.32, 2.3, 2.28, 2.25, 2.24, 2.21, 2.2, 2.19, 2.18, 2.17, 2.15, 2.12, 2.1, 2.07, 2.03, 1.99, 1.95, 1.9, 1.87, 1.84, 1.81, 1.79, 1.77, 1.75, 1.73, 1.72]
  คลองหกวา ปากคลอง 2 (RID)       [2.16, 2.12, 2.07, 2.04, 2.0, 1.95, 1.9, 1.89, 1.89, 1.86, 1.86, 1.88, 1.9, 1.91, 1.92, 1.88, 1.83, 1.77, 1.71, 1.65, 1.59, 1.55, 1.53, 1.52, 1.52, 1.53, 1.54, 1.55, 1.56, 1.57]
  คลองหกวา ท้าย ปตร.คลอง 2 (RI   [1.73, 1.67, 1.61, 1.57, 1.54, 1.48, 1.43, 1.42, 1.41, 1.38, 1.38, 1.39, 1.41, 1.41, 1.42, 1.38, 1.33, 1.27, 1.22, 1.16, 1.11, 1.07, 1.04, 1.03, 1.03, 1.03, 1.04, 1.04, 1.05, 1.06]
  คลองหกวา ลำลูกกา คลอง 8        [1.75, 1.74, 1.71, 1.68, 1.66, 1.62, 1.59, 1.58, 1.57, 1.56, 1.55, 1.57, 1.58, 1.59, 1.6, 1.56, 1.51, 1.46, 1.4, 1.35, 1.3, 1.25, 1.22, 1.21, 1.2, 1.2, 1.21, 1.21, 1.22, 1.22]
  คลองเปรมฯ หลักหก               [1.77, 1.72, 1.69, 1.66, 1.64, 1.59, 1.55, 1.54, 1.54, 1.52, 1.52, 1.53, 1.55, 1.55, 1.56, 1.52, 1.47, 1.42, 1.37, 1.31, 1.26, 1.21, 1.19, 1.18, 1.17, 1.18, 1.18, 1.19, 1.2, 1.2]
  คลองระพีพัฒน์แยกตก             [4.27, 4.25, 4.24, 4.23, 4.21, 4.17, 4.14, 4.13, 4.13, 4.11, 4.11, 4.12, 4.14, 4.14, 4.15, 4.12, 4.08, 4.03, 3.98, 3.93, 3.87, 3.83, 3.8, 3.78, 3.78, 3.77, 3.78, 3.78, 3.79, 3.79]
  ปตร.คลองสองสายใต้ (เซ็นเซอร์   [1.52, 1.49, 1.47, 1.46, 1.45, 1.42, 1.39, 1.39, 1.39, 1.38, 1.38, 1.4, 1.42, 1.43, 1.44, 1.41, 1.36, 1.31, 1.26, 1.2, 1.14, 1.1, 1.08, 1.06, 1.06, 1.06, 1.07, 1.08, 1.09, 1.1]
OK /Users/chunnapansukontasup/projects/Code/weather/flood-forecast-saimai/dashboard.html
OK /Users/chunnapansukontasup/projects/Code/weather/flood-forecast-saimai/data/snapshots/snapshot-20260928-2123.json
  stations=30 (headwater=8, rapipat=2) dams=3 canals=8 roads=11 wx_north=4
OK /Users/chunnapansukontasup/projects/Code/weather/flood-forecast-saimai/data/fc_days.json | stations: 10 | dates: 2026-09-29 -> 2026-10-28
  v_bpa=+0.250 บางปะอินเหนือตลิ่ง +0.41 ม. | tide ตรวจสอบ: 28/9=0.53 29/9=0.63 30/9=0.75 11/10=0.45 26/10=0.45
  บางปะอิน (เจ้าพระยา)           [3.05, 3.05, 3.05, 3.02, 2.95, 2.88, 2.82, 2.8, 2.77, 2.76, 2.76, 2.78, 2.77, 2.76, 2.75, 2.73, 2.71, 2.68, 2.63, 2.58, 2.54, 2.5, 2.47, 2.45, 2.44, 2.44, 2.45, 2.46, 2.48, 2.48]
  กรมชลฯ สามเสน (เจ้าพระยา)      [1.86, 1.83, 1.8, 1.78, 1.75, 1.71, 1.67, 1.64, 1.61, 1.57, 1.55, 1.53, 1.52, 1.49, 1.47, 1.43, 1.4, 1.37, 1.33, 1.28, 1.24, 1.19, 1.16, 1.12, 1.09, 1.08, 1.08, 1.08, 1.08, 1.08]
  สะพานกรุงเทพ (เจ้าพระยา)       [1.51, 1.47, 1.44, 1.41, 1.38, 1.34, 1.29, 1.25, 1.22, 1.17, 1.14, 1.11, 1.09, 1.05, 1.02, 0.98, 0.95, 0.91, 0.87, 0.84, 0.84, 0.84, 0.84, 0.84, 0.84, 0.84, 0.84, 0.84, 0.84, 0.84]
  สะพานนวลฉวี (ปากคลองลาดพร้าว   [2.41, 2.42, 2.42, 2.42, 2.42, 2.4, 2.39, 2.37, 2.36, 2.35, 2.34, 2.34, 2.35, 2.34, 2.33, 2.31, 2.29, 2.27, 2.23, 2.2, 2.15, 2.12, 2.08, 2.06, 2.04, 2.02, 2.01, 2.0, 1.99, 1.98]
  คลองหกวา ปากคลอง 2 (RID)       [2.16, 2.11, 2.07, 2.03, 1.98, 1.92, 1.87, 1.86, 1.86, 1.84, 1.84, 1.86, 1.88, 1.89, 1.9, 1.86, 1.81, 1.75, 1.7, 1.64, 1.58, 1.54, 1.52, 1.51, 1.51, 1.52, 1.53, 1.54, 1.56, 1.56]
  คลองหกวา ท้าย ปตร.คลอง 2 (RI   [1.73, 1.66, 1.61, 1.56, 1.51, 1.44, 1.4, 1.38, 1.38, 1.36, 1.35, 1.36, 1.38, 1.38, 1.39, 1.35, 1.3, 1.25, 1.19, 1.14, 1.09, 1.05, 1.03, 1.02, 1.01, 1.02, 1.02, 1.03, 1.04, 1.05]
  คลองหกวา ลำลูกกา คลอง 8        [1.75, 1.74, 1.71, 1.68, 1.64, 1.6, 1.56, 1.56, 1.55, 1.54, 1.53, 1.54, 1.56, 1.57, 1.58, 1.54, 1.49, 1.44, 1.39, 1.34, 1.28, 1.24, 1.21, 1.2, 1.19, 1.19, 1.2, 1.2, 1.21, 1.21]
  คลองเปรมฯ หลักหก               [1.77, 1.72, 1.69, 1.65, 1.61, 1.56, 1.52, 1.51, 1.51, 1.49, 1.49, 1.5, 1.52, 1.52, 1.54, 1.5, 1.45, 1.4, 1.35, 1.29, 1.24, 1.2, 1.18, 1.16, 1.16, 1.16, 1.17, 1.18, 1.19, 1.19]
  คลองระพีพัฒน์แยกตก             [4.24, 4.22, 4.2, 4.19, 4.16, 4.12, 4.09, 4.08, 4.08, 4.07, 4.07, 4.08, 4.1, 4.1, 4.11, 4.08, 4.04, 4.0, 3.95, 3.9, 3.84, 3.8, 3.78, 3.76, 3.75, 3.75, 3.75, 3.76, 3.77, 3.77]
  ปตร.คลองสองสายใต้ (เซ็นเซอร์   [1.51, 1.49, 1.47, 1.46, 1.43, 1.39, 1.36, 1.36, 1.37, 1.35, 1.35, 1.37, 1.4, 1.4, 1.42, 1.39, 1.34, 1.29, 1.24, 1.18, 1.13, 1.09, 1.07, 1.05, 1.05, 1.06, 1.07, 1.07, 1.09, 1.09]
OK /Users/chunnapansukontasup/projects/Code/weather/flood-forecast-saimai/dashboard.html
OK /Users/chunnapansukontasup/projects/Code/weather/flood-forecast-saimai/data/snapshots/snapshot-20260928-2323.json
  stations=30 (headwater=8, rapipat=2) dams=3 canals=8 roads=11 wx_north=4
OK /Users/chunnapansukontasup/projects/Code/weather/flood-forecast-saimai/data/fc_days.json | stations: 10 | dates: 2026-09-29 -> 2026-10-28
  v_bpa=+0.250 บางปะอินเหนือตลิ่ง +0.42 ม. | tide ตรวจสอบ: 28/9=0.53 29/9=0.63 30/9=0.75 11/10=0.45 26/10=0.45
  บางปะอิน (เจ้าพระยา)           [3.06, 3.06, 3.06, 3.02, 2.95, 2.88, 2.83, 2.8, 2.78, 2.77, 2.77, 2.79, 2.78, 2.76, 2.76, 2.74, 2.71, 2.68, 2.64, 2.59, 2.54, 2.51, 2.48, 2.46, 2.45, 2.45, 2.46, 2.47, 2.49, 2.49]
  กรมชลฯ สามเสน (เจ้าพระยา)      [1.84, 1.81, 1.78, 1.75, 1.72, 1.68, 1.64, 1.6, 1.57, 1.53, 1.51, 1.48, 1.47, 1.44, 1.41, 1.38, 1.34, 1.31, 1.27, 1.23, 1.18, 1.13, 1.09, 1.07, 1.07, 1.07, 1.07, 1.07, 1.07, 1.07]
  สะพานกรุงเทพ (เจ้าพระยา)       [1.44, 1.4, 1.37, 1.34, 1.31, 1.27, 1.22, 1.19, 1.15, 1.11, 1.07, 1.04, 1.02, 0.99, 0.96, 0.92, 0.88, 0.85, 0.81, 0.77, 0.77, 0.77, 0.77, 0.77, 0.77, 0.77, 0.77, 0.77, 0.77, 0.77]
  สะพานนวลฉวี (ปากคลองลาดพร้าว   [2.42, 2.42, 2.42, 2.43, 2.43, 2.41, 2.4, 2.38, 2.38, 2.36, 2.36, 2.36, 2.36, 2.36, 2.35, 2.33, 2.31, 2.28, 2.25, 2.21, 2.17, 2.13, 2.1, 2.07, 2.05, 2.04, 2.02, 2.01, 2.01, 2.0]
  คลองหกวา ปากคลอง 2 (RID)       [2.16, 2.12, 2.07, 2.03, 1.98, 1.92, 1.87, 1.86, 1.87, 1.84, 1.84, 1.86, 1.89, 1.89, 1.91, 1.86, 1.81, 1.76, 1.7, 1.64, 1.59, 1.55, 1.53, 1.51, 1.51, 1.52, 1.53, 1.55, 1.56, 1.56]
  คลองหกวา ท้าย ปตร.คลอง 2 (RI   [1.72, 1.66, 1.61, 1.56, 1.51, 1.44, 1.39, 1.38, 1.38, 1.35, 1.35, 1.36, 1.38, 1.38, 1.39, 1.35, 1.3, 1.25, 1.19, 1.14, 1.09, 1.05, 1.03, 1.01, 1.01, 1.01, 1.02, 1.03, 1.04, 1.04]
  คลองหกวา ลำลูกกา คลอง 8        [1.75, 1.74, 1.71, 1.68, 1.64, 1.6, 1.57, 1.56, 1.56, 1.54, 1.54, 1.55, 1.56, 1.58, 1.59, 1.55, 1.5, 1.45, 1.39, 1.34, 1.29, 1.25, 1.22, 1.2, 1.2, 1.2, 1.2, 1.21, 1.21, 1.22]
  คลองเปรมฯ หลักหก               [1.77, 1.72, 1.69, 1.66, 1.61, 1.56, 1.52, 1.51, 1.52, 1.49, 1.49, 1.51, 1.53, 1.53, 1.54, 1.5, 1.45, 1.4, 1.35, 1.3, 1.24, 1.2, 1.18, 1.17, 1.16, 1.16, 1.17, 1.18, 1.19, 1.19]
  คลองระพีพัฒน์แยกตก             [4.22, 4.2, 4.18, 4.16, 4.14, 4.1, 4.06, 4.06, 4.05, 4.04, 4.04, 4.05, 4.06, 4.07, 4.07, 4.04, 4.0, 3.96, 3.91, 3.86, 3.81, 3.77, 3.74, 3.72, 3.71, 3.71, 3.71, 3.72, 3.72, 3.72]
  ปตร.คลองสองสายใต้ (เซ็นเซอร์   [1.52, 1.49, 1.47, 1.46, 1.43, 1.39, 1.36, 1.36, 1.37, 1.36, 1.36, 1.38, 1.4, 1.41, 1.43, 1.39, 1.35, 1.3, 1.25, 1.19, 1.14, 1.09, 1.07, 1.06, 1.06, 1.06, 1.07, 1.08, 1.09, 1.09]
OK /Users/chunnapansukontasup/projects/Code/weather/flood-forecast-saimai/dashboard.html
OK /Users/chunnapansukontasup/projects/Code/weather/flood-forecast-saimai/data/snapshots/snapshot-20260929-0023.json
  stations=30 (headwater=8, rapipat=2) dams=3 canals=0 roads=0 wx_north=4
OK /Users/chunnapansukontasup/projects/Code/weather/flood-forecast-saimai/data/fc_days.json | stations: 9 | dates: 2026-09-30 -> 2026-10-29
  v_bpa=+0.250 บางปะอินเหนือตลิ่ง +0.42 ม. | tide ตรวจสอบ: 28/9=0.53 29/9=0.63 30/9=0.75 11/10=0.45 26/10=0.45
  บางปะอิน (เจ้าพระยา)           [3.06, 3.06, 3.06, 3.0, 2.93, 2.87, 2.85, 2.82, 2.8, 2.8, 2.83, 2.82, 2.8, 2.79, 2.77, 2.74, 2.71, 2.65, 2.61, 2.56, 2.52, 2.5, 2.48, 2.47, 2.47, 2.47, 2.49, 2.5, 2.5, 2.5]
  กรมชลฯ สามเสน (เจ้าพระยา)      [1.8, 1.75, 1.71, 1.67, 1.62, 1.58, 1.53, 1.5, 1.46, 1.42, 1.39, 1.37, 1.34, 1.31, 1.27, 1.23, 1.19, 1.15, 1.1, 1.05, 1.04, 1.04, 1.04, 1.04, 1.04, 1.04, 1.04, 1.04, 1.04, 1.04]
  สะพานกรุงเทพ (เจ้าพระยา)       [1.35, 1.31, 1.28, 1.25, 1.21, 1.17, 1.13, 1.1, 1.06, 1.03, 1.0, 0.98, 0.95, 0.92, 0.89, 0.85, 0.81, 0.77, 0.73, 0.69, 0.69, 0.69, 0.69, 0.69, 0.69, 0.69, 0.69, 0.69, 0.69, 0.69]
  สะพานนวลฉวี (ปากคลองลาดพร้าว   [2.4, 2.4, 2.41, 2.4, 2.39, 2.38, 2.37, 2.36, 2.35, 2.35, 2.35, 2.36, 2.35, 2.34, 2.33, 2.31, 2.28, 2.25, 2.21, 2.17, 2.12, 2.09, 2.06, 2.04, 2.02, 2.01, 1.99, 1.98, 1.97, 1.96]
  คลองหกวา ปากคลอง 2 (RID)       [2.14, 2.1, 2.06, 2.0, 1.94, 1.9, 1.89, 1.89, 1.87, 1.87, 1.89, 1.92, 1.93, 1.94, 1.9, 1.85, 1.79, 1.73, 1.67, 1.61, 1.57, 1.54, 1.53, 1.53, 1.53, 1.55, 1.56, 1.57, 1.57, 1.57]
  คลองหกวา ท้าย ปตร.คลอง 2 (RI   [1.7, 1.64, 1.59, 1.53, 1.46, 1.42, 1.41, 1.4, 1.38, 1.38, 1.39, 1.41, 1.41, 1.42, 1.38, 1.33, 1.27, 1.22, 1.16, 1.11, 1.06, 1.04, 1.02, 1.02, 1.02, 1.03, 1.03, 1.04, 1.04, 1.04]
  คลองหกวา ลำลูกกา คลอง 8        [1.74, 1.73, 1.69, 1.66, 1.62, 1.58, 1.58, 1.58, 1.57, 1.56, 1.58, 1.6, 1.61, 1.62, 1.58, 1.53, 1.48, 1.43, 1.37, 1.32, 1.27, 1.24, 1.22, 1.22, 1.21, 1.22, 1.22, 1.23, 1.23, 1.22]
  คลองเปรมฯ หลักหก               [1.75, 1.71, 1.67, 1.63, 1.58, 1.54, 1.54, 1.54, 1.52, 1.52, 1.53, 1.56, 1.56, 1.57, 1.53, 1.49, 1.43, 1.38, 1.32, 1.27, 1.22, 1.2, 1.18, 1.18, 1.18, 1.18, 1.19, 1.2, 1.2, 1.2]
  คลองระพีพัฒน์แยกตก             [4.19, 4.16, 4.14, 4.11, 4.07, 4.04, 4.03, 4.03, 4.01, 4.01, 4.02, 4.04, 4.04, 4.05, 4.02, 3.98, 3.94, 3.89, 3.83, 3.78, 3.74, 3.71, 3.69, 3.67, 3.67, 3.67, 3.67, 3.67, 3.67, 3.66]
OK /Users/chunnapansukontasup/projects/Code/weather/flood-forecast-saimai/dashboard.html
WARN seasonal soi: The read operation timed out
OK /Users/chunnapansukontasup/projects/Code/weather/flood-forecast-saimai/data/snapshots/snapshot-20260929-0726.json
  stations=30 (headwater=8, rapipat=2) dams=3 canals=0 roads=0 wx_north=4
OK /Users/chunnapansukontasup/projects/Code/weather/flood-forecast-saimai/data/fc_days.json | stations: 9 | dates: 2026-09-30 -> 2026-10-29
  v_bpa=+0.250 บางปะอินเหนือตลิ่ง +0.42 ม. | tide ตรวจสอบ: 28/9=0.53 29/9=0.63 30/9=0.75 11/10=0.45 26/10=0.45
  บางปะอิน (เจ้าพระยา)           [3.06, 3.06, 3.06, 3.01, 2.94, 2.88, 2.87, 2.84, 2.82, 2.82, 2.8, 2.78, 2.75, 2.73, 2.71, 2.67, 2.64, 2.67, 2.63, 2.6, 2.57, 2.55, 2.54, 2.53, 2.53, 2.53, 2.52, 2.52, 2.52, 2.51]
  กรมชลฯ สามเสน (เจ้าพระยา)      [1.77, 1.74, 1.71, 1.69, 1.65, 1.62, 1.59, 1.56, 1.53, 1.5, 1.48, 1.46, 1.43, 1.4, 1.36, 1.32, 1.27, 1.23, 1.21, 1.17, 1.13, 1.09, 1.05, 1.02, 1.01, 1.01, 1.01, 1.01, 1.01, 1.01]
  สะพานกรุงเทพ (เจ้าพระยา)       [1.56, 1.61, 1.63, 1.64, 1.64, 1.62, 1.62, 1.62, 1.61, 1.61, 1.61, 1.61, 1.6, 1.59, 1.58, 1.54, 1.51, 1.47, 1.45, 1.41, 1.37, 1.34, 1.32, 1.3, 1.29, 1.28, 1.26, 1.25, 1.24, 1.22]
  สะพานนวลฉวี (ปากคลองลาดพร้าว   [2.38, 2.36, 2.35, 2.34, 2.32, 2.3, 2.29, 2.27, 2.25, 2.24, 2.22, 2.21, 2.19, 2.17, 2.14, 2.1, 2.06, 2.02, 2.0, 1.97, 1.93, 1.9, 1.87, 1.84, 1.82, 1.79, 1.77, 1.75, 1.73, 1.7]
  คลองหกวา ปากคลอง 2 (RID)       [2.16, 2.11, 2.06, 2.03, 1.98, 1.94, 1.97, 1.95, 1.93, 1.91, 1.89, 1.87, 1.85, 1.85, 1.85, 1.81, 1.76, 1.71, 1.69, 1.65, 1.62, 1.6, 1.58, 1.57, 1.57, 1.57, 1.57, 1.57, 1.56, 1.56]
  คลองหกวา ท้าย ปตร.คลอง 2 (RI   [1.71, 1.65, 1.59, 1.56, 1.51, 1.46, 1.49, 1.47, 1.44, 1.42, 1.4, 1.38, 1.35, 1.35, 1.34, 1.3, 1.26, 1.22, 1.19, 1.16, 1.13, 1.11, 1.09, 1.08, 1.07, 1.07, 1.07, 1.06, 1.05, 1.05]
  คลองหกวา ลำลูกกา คลอง 8        [1.73, 1.72, 1.68, 1.67, 1.64, 1.61, 1.63, 1.62, 1.6, 1.58, 1.57, 1.56, 1.54, 1.55, 1.54, 1.5, 1.45, 1.4, 1.36, 1.34, 1.31, 1.28, 1.26, 1.25, 1.24, 1.24, 1.24, 1.23, 1.23, 1.21]
  คลองเปรมฯ หลักหก               [1.74, 1.69, 1.65, 1.63, 1.58, 1.54, 1.57, 1.55, 1.53, 1.5, 1.48, 1.46, 1.43, 1.42, 1.42, 1.38, 1.34, 1.3, 1.28, 1.24, 1.21, 1.19, 1.17, 1.16, 1.15, 1.14, 1.14, 1.13, 1.12, 1.11]
  คลองระพีพัฒน์แยกตก             [4.19, 4.16, 4.14, 4.13, 4.1, 4.07, 4.09, 4.08, 4.07, 4.05, 4.05, 4.03, 4.02, 4.01, 4.0, 3.96, 3.92, 3.88, 3.86, 3.82, 3.79, 3.76, 3.74, 3.73, 3.72, 3.71, 3.71, 3.7, 3.69, 3.68]
OK /Users/chunnapansukontasup/projects/Code/weather/flood-forecast-saimai/dashboard.html
OK /Users/chunnapansukontasup/projects/Code/weather/flood-forecast-saimai/data/snapshots/snapshot-20260929-0823.json
  stations=30 (headwater=8, rapipat=2) dams=3 canals=0 roads=0 wx_north=4
OK /Users/chunnapansukontasup/projects/Code/weather/flood-forecast-saimai/data/fc_days.json | stations: 9 | dates: 2026-09-30 -> 2026-10-29
  v_bpa=+0.250 บางปะอินเหนือตลิ่ง +0.42 ม. | tide ตรวจสอบ: 28/9=0.53 29/9=0.63 30/9=0.75 11/10=0.45 26/10=0.45
  บางปะอิน (เจ้าพระยา)           [3.06, 3.06, 3.05, 2.99, 2.92, 2.87, 2.85, 2.82, 2.81, 2.8, 2.79, 2.77, 2.74, 2.72, 2.7, 2.66, 2.64, 2.67, 2.64, 2.61, 2.58, 2.57, 2.55, 2.54, 2.54, 2.53, 2.53, 2.52, 2.51, 2.49]
  กรมชลฯ สามเสน (เจ้าพระยา)      [1.83, 1.82, 1.83, 1.82, 1.81, 1.8, 1.79, 1.79, 1.78, 1.78, 1.78, 1.78, 1.77, 1.76, 1.74, 1.71, 1.68, 1.64, 1.63, 1.59, 1.56, 1.53, 1.51, 1.49, 1.48, 1.47, 1.46, 1.45, 1.43, 1.41]
  สะพานกรุงเทพ (เจ้าพระยา)       [1.72, 1.82, 1.86, 1.86, 1.84, 1.82, 1.8, 1.79, 1.77, 1.76, 1.76, 1.76, 1.74, 1.73, 1.7, 1.67, 1.62, 1.58, 1.55, 1.51, 1.47, 1.44, 1.41, 1.39, 1.37, 1.36, 1.35, 1.33, 1.31, 1.29]
  สะพานนวลฉวี (ปากคลองลาดพร้าว   [2.39, 2.39, 2.39, 2.39, 2.37, 2.36, 2.35, 2.34, 2.33, 2.33, 2.32, 2.31, 2.3, 2.29, 2.27, 2.24, 2.2, 2.17, 2.15, 2.12, 2.09, 2.06, 2.04, 2.01, 2.0, 1.98, 1.96, 1.95, 1.93, 1.91]
  คลองหกวา ปากคลอง 2 (RID)       [2.16, 2.1, 2.06, 2.0, 1.94, 1.9, 1.94, 1.92, 1.9, 1.88, 1.86, 1.85, 1.82, 1.83, 1.82, 1.8, 1.76, 1.71, 1.69, 1.65, 1.62, 1.6, 1.58, 1.58, 1.57, 1.58, 1.58, 1.58, 1.57, 1.56]
  คลองหกวา ท้าย ปตร.คลอง 2 (RI   [1.71, 1.64, 1.58, 1.52, 1.46, 1.42, 1.45, 1.43, 1.41, 1.38, 1.37, 1.34, 1.32, 1.32, 1.31, 1.29, 1.25, 1.21, 1.19, 1.16, 1.13, 1.1, 1.09, 1.08, 1.07, 1.07, 1.07, 1.06, 1.06, 1.05]
  คลองหกวา ลำลูกกา คลอง 8        [1.73, 1.71, 1.67, 1.63, 1.59, 1.57, 1.6, 1.59, 1.57, 1.55, 1.54, 1.53, 1.52, 1.52, 1.51, 1.49, 1.45, 1.4, 1.36, 1.33, 1.3, 1.28, 1.26, 1.25, 1.25, 1.24, 1.24, 1.24, 1.24, 1.22]
  คลองเปรมฯ หลักหก               [1.74, 1.68, 1.63, 1.58, 1.53, 1.49, 1.53, 1.51, 1.48, 1.46, 1.43, 1.41, 1.38, 1.38, 1.37, 1.35, 1.32, 1.28, 1.26, 1.23, 1.2, 1.17, 1.16, 1.14, 1.13, 1.13, 1.12, 1.12, 1.11, 1.1]
  คลองระพีพัฒน์แยกตก             [4.18, 4.15, 4.13, 4.1, 4.06, 4.04, 4.06, 4.05, 4.03, 4.02, 4.01, 4.0, 3.98, 3.98, 3.97, 3.95, 3.91, 3.87, 3.85, 3.81, 3.78, 3.76, 3.74, 3.72, 3.72, 3.71, 3.71, 3.7, 3.69, 3.68]
OK /Users/chunnapansukontasup/projects/Code/weather/flood-forecast-saimai/dashboard.html
OK /Users/chunnapansukontasup/projects/Code/weather/flood-forecast-saimai/data/snapshots/snapshot-20260929-1323.json
  stations=30 (headwater=8, rapipat=2) dams=3 canals=0 roads=0 wx_north=4
OK /Users/chunnapansukontasup/projects/Code/weather/flood-forecast-saimai/data/fc_days.json | stations: 9 | dates: 2026-09-30 -> 2026-10-29
  v_bpa=+0.044 บางปะอินเหนือตลิ่ง +0.44 ม. | tide ตรวจสอบ: 28/9=0.53 29/9=0.63 30/9=0.75 11/10=0.45 26/10=0.45
  บางปะอิน (เจ้าพระยา)           [3.05, 3.03, 2.99, 2.92, 2.85, 2.8, 2.79, 2.77, 2.76, 2.76, 2.75, 2.73, 2.71, 2.68, 2.67, 2.64, 2.61, 2.6, 2.58, 2.56, 2.54, 2.53, 2.52, 2.51, 2.51, 2.51, 2.5, 2.5, 2.49, 2.48]
  กรมชลฯ สามเสน (เจ้าพระยา)      [1.8, 1.79, 1.78, 1.76, 1.74, 1.71, 1.69, 1.67, 1.66, 1.64, 1.63, 1.62, 1.6, 1.58, 1.56, 1.53, 1.49, 1.45, 1.42, 1.39, 1.36, 1.33, 1.31, 1.29, 1.27, 1.26, 1.24, 1.23, 1.21, 1.19]
  สะพานกรุงเทพ (เจ้าพระยา)       [1.13, 1.09, 1.06, 1.02, 0.97, 0.93, 0.89, 0.85, 0.81, 0.77, 0.73, 0.7, 0.66, 0.61, 0.58, 0.53, 0.49, 0.47, 0.47, 0.47, 0.47, 0.47, 0.47, 0.47, 0.47, 0.47, 0.47, 0.47, 0.47, 0.47]
  สะพานนวลฉวี (ปากคลองลาดพร้าว   [2.49, 2.52, 2.54, 2.54, 2.53, 2.51, 2.51, 2.5, 2.49, 2.48, 2.48, 2.48, 2.47, 2.46, 2.44, 2.41, 2.38, 2.34, 2.31, 2.28, 2.25, 2.23, 2.21, 2.2, 2.18, 2.18, 2.17, 2.16, 2.14, 2.13]
  คลองหกวา ปากคลอง 2 (RID)       [2.12, 2.06, 2.01, 1.95, 1.89, 1.85, 1.88, 1.86, 1.84, 1.82, 1.8, 1.78, 1.76, 1.74, 1.76, 1.73, 1.7, 1.66, 1.62, 1.59, 1.56, 1.54, 1.53, 1.53, 1.53, 1.53, 1.54, 1.54, 1.54, 1.53]
  คลองหกวา ท้าย ปตร.คลอง 2 (RI   [1.68, 1.61, 1.55, 1.48, 1.41, 1.37, 1.39, 1.37, 1.34, 1.31, 1.29, 1.26, 1.23, 1.21, 1.23, 1.2, 1.17, 1.13, 1.1, 1.07, 1.04, 1.02, 1.01, 1.0, 1.0, 1.0, 1.0, 1.0, 0.99, 0.98]
  คลองหกวา ลำลูกกา คลอง 8        [1.68, 1.64, 1.6, 1.57, 1.53, 1.51, 1.54, 1.52, 1.5, 1.48, 1.47, 1.46, 1.44, 1.43, 1.44, 1.42, 1.38, 1.34, 1.3, 1.27, 1.24, 1.22, 1.21, 1.2, 1.2, 1.2, 1.2, 1.2, 1.2, 1.19]
  คลองเปรมฯ หลักหก               [1.72, 1.67, 1.63, 1.57, 1.52, 1.48, 1.51, 1.49, 1.46, 1.44, 1.41, 1.39, 1.36, 1.34, 1.36, 1.34, 1.31, 1.27, 1.24, 1.21, 1.18, 1.16, 1.15, 1.14, 1.13, 1.13, 1.13, 1.13, 1.12, 1.12]
  คลองระพีพัฒน์แยกตก             [4.06, 3.99, 3.93, 3.87, 3.8, 3.74, 3.73, 3.69, 3.64, 3.6, 3.56, 3.52, 3.47, 3.44, 3.43, 3.39, 3.36, 3.33, 3.33, 3.33, 3.33, 3.33, 3.33, 3.33, 3.33, 3.33, 3.33, 3.33, 3.33, 3.33]
OK /Users/chunnapansukontasup/projects/Code/weather/flood-forecast-saimai/dashboard.html
OK /Users/chunnapansukontasup/projects/Code/weather/flood-forecast-saimai/data/snapshots/snapshot-20260929-1423.json
  stations=30 (headwater=8, rapipat=2) dams=3 canals=0 roads=0 wx_north=4
OK /Users/chunnapansukontasup/projects/Code/weather/flood-forecast-saimai/data/fc_days.json | stations: 9 | dates: 2026-09-30 -> 2026-10-29
  v_bpa=+0.059 บางปะอินเหนือตลิ่ง +0.45 ม. | tide ตรวจสอบ: 28/9=0.53 29/9=0.63 30/9=0.75 11/10=0.45 26/10=0.45
  บางปะอิน (เจ้าพระยา)           [3.07, 3.06, 3.03, 2.96, 2.89, 2.84, 2.82, 2.79, 2.79, 2.79, 2.78, 2.77, 2.74, 2.72, 2.7, 2.67, 2.64, 2.62, 2.6, 2.58, 2.56, 2.55, 2.54, 2.53, 2.53, 2.53, 2.52, 2.51, 2.51, 2.49]
  กรมชลฯ สามเสน (เจ้าพระยา)      [1.66, 1.62, 1.58, 1.54, 1.49, 1.44, 1.4, 1.35, 1.31, 1.27, 1.24, 1.21, 1.17, 1.12, 1.09, 1.04, 1.0, 0.95, 0.91, 0.91, 0.91, 0.91, 0.91, 0.91, 0.91, 0.91, 0.91, 0.91, 0.91, 0.91]
  สะพานกรุงเทพ (เจ้าพระยา)       [0.99, 0.95, 0.92, 0.89, 0.85, 0.81, 0.77, 0.73, 0.69, 0.66, 0.62, 0.59, 0.55, 0.51, 0.48, 0.43, 0.39, 0.35, 0.33, 0.33, 0.33, 0.33, 0.33, 0.33, 0.33, 0.33, 0.33, 0.33, 0.33, 0.33]
  สะพานนวลฉวี (ปากคลองลาดพร้าว   [2.38, 2.39, 2.4, 2.4, 2.39, 2.38, 2.37, 2.36, 2.36, 2.35, 2.35, 2.35, 2.35, 2.33, 2.32, 2.29, 2.26, 2.22, 2.19, 2.16, 2.13, 2.11, 2.09, 2.07, 2.05, 2.04, 2.03, 2.02, 2.0, 1.99]
  คลองหกวา ปากคลอง 2 (RID)       [2.12, 2.06, 2.01, 1.97, 1.91, 1.87, 1.87, 1.87, 1.86, 1.84, 1.82, 1.81, 1.79, 1.77, 1.78, 1.76, 1.72, 1.68, 1.64, 1.61, 1.58, 1.55, 1.54, 1.54, 1.53, 1.54, 1.54, 1.54, 1.54, 1.53]
  คลองหกวา ท้าย ปตร.คลอง 2 (RI   [1.66, 1.59, 1.53, 1.48, 1.41, 1.36, 1.36, 1.34, 1.33, 1.3, 1.28, 1.26, 1.23, 1.2, 1.21, 1.19, 1.16, 1.11, 1.08, 1.05, 1.02, 1.0, 0.98, 0.97, 0.97, 0.96, 0.96, 0.95, 0.95, 0.94]
  คลองหกวา ลำลูกกา คลอง 8        [1.67, 1.64, 1.6, 1.58, 1.55, 1.52, 1.53, 1.53, 1.53, 1.5, 1.49, 1.49, 1.47, 1.46, 1.47, 1.44, 1.41, 1.37, 1.32, 1.29, 1.26, 1.23, 1.22, 1.21, 1.21, 1.21, 1.21, 1.21, 1.2, 1.19]
  คลองเปรมฯ หลักหก               [1.7, 1.65, 1.6, 1.56, 1.5, 1.46, 1.46, 1.45, 1.45, 1.41, 1.39, 1.37, 1.35, 1.32, 1.33, 1.31, 1.28, 1.24, 1.21, 1.17, 1.14, 1.12, 1.11, 1.09, 1.09, 1.08, 1.08, 1.07, 1.07, 1.06]
  คลองระพีพัฒน์แยกตก             [4.05, 3.98, 3.92, 3.87, 3.8, 3.75, 3.72, 3.69, 3.66, 3.62, 3.58, 3.54, 3.5, 3.46, 3.45, 3.42, 3.39, 3.35, 3.32, 3.32, 3.32, 3.32, 3.32, 3.32, 3.32, 3.32, 3.32, 3.32, 3.32, 3.32]
OK /Users/chunnapansukontasup/projects/Code/weather/flood-forecast-saimai/dashboard.html
